[20:55:20] РЛС-2 Дарьял: Обнаружена цель 87c001r (КР) в секторе. Коорд: 11436400 5308576
[20:55:20] РЛС-2 Дарьял: Обнаружена цель 0de1c3r (КР) в секторе. Коорд: 10284912 8061816
[20:55:20] РЛС-2 Дарьял: Обнаружена цель 2ba2a7b (ББ_БР) в секторе. Коорд: 6762416 1058248
[20:55:20] РЛС-2 Дарьял: Обнаружена цель 766185r (КР) в секторе. Коорд: 7834984 6114424
[20:55:20] РЛС-2 Дарьял: Обнаружена цель 235534s (САМОЛЕТ) в секторе. Коорд: 10965010 3339100
[20:55:20] РЛС-2 Дарьял: Обнаружена цель dc04bfb (ББ_БР) в секторе. Коорд: 6623555 3037550
[20:55:20] РЛС-2 Дарьял: Обнаружена цель e99a22r (КР) в секторе. Коорд: 1589740 6601895
[20:55:20] РЛС-2 Дарьял: Обнаружена цель bb3ee1s (САМОЛЕТ) в секторе. Коорд: 5128200 3918355
[20:55:20] РЛС-2 Дарьял: Обнаружена цель 9730ebb (ББ_БР) в секторе. Коорд: 4460665 5294390
[20:55:20] РЛС-2 Дарьял: Обнаружена цель adfa00r (КР) в секторе. Коорд: 2514790 3434685
[20:55:20] РЛС-2 Дарьял: Обнаружена цель 3819c5b (ББ_БР) в секторе. Коорд: 2730930 3509312
[20:55:20] РЛС-2 Дарьял: Обнаружена цель 6fc9der (КР) в секторе. Коорд: 10864920 7563500
[20:55:20] РЛС-2 Дарьял: Обнаружена цель 732a60s (САМОЛЕТ) в секторе. Коорд: 11518935 2048370
[20:55:20] РЛС-2 Дарьял: Обнаружена цель 0f6c95b (ББ_БР) в секторе. Коорд: 5864325 4193620
[20:55:20] РЛС-2 Дарьял: Обнаружена цель b51688s (САМОЛЕТ) в секторе. Коорд: 6468365 1124020
[20:55:21] РЛС-2 Дарьял: Обнаружена цель f3a8a6s (САМОЛЕТ) в секторе. Коорд: 9705710 6774445
[20:55:21] РЛС-2 Дарьял: Обнаружена цель 83dbf9b (ББ_БР) в секторе. Коорд: 2608780 5829545
[20:55:21] РЛС-2 Дарьял: Обнаружена цель 534a0fr (КР) в секторе. Коорд: 4515125 7362585
[20:55:21] РЛС-2 Дарьял: Обнаружена цель 501d8er (КР) в секторе. Коорд: 10669020 2723470
[20:55:21] РЛС-2 Дарьял: Обнаружена цель ca5d5fr (КР) в секторе. Коорд: 2036120 7832580
[20:55:21] РЛС-2 Дарьял: Обнаружена цель 56fe8dr (КР) в секторе. Коорд: 4207285 5350355
[20:55:21] РЛС-2 Дарьял: Обнаружена цель f91316b (ББ_БР) в секторе. Коорд: 6182455 6107720
[20:55:21] РЛС-2 Дарьял: Обнаружена цель 0084das (САМОЛЕТ) в секторе. Коорд: 8581490 1956115
[20:55:21] РЛС-2 Дарьял: Обнаружена цель eea62fs (САМОЛЕТ) в секторе. Коорд: 5548155 6510455
[20:55:21] РЛС-2 Дарьял: Обнаружена цель ce04fbb (ББ_БР) в секторе. Коорд: 2752645 2086385
[20:55:21] РЛС-2 Дарьял: Обнаружена цель 52c470s (САМОЛЕТ) в секторе. Коорд: 3911815 4270605
[20:55:21] РЛС-2 Дарьял: Обнаружена цель 0fc6cfb (ББ_БР) в секторе. Коорд: 5524675 3646625
[20:55:21] РЛС-2 Дарьял: Обнаружена цель bc7350b (ББ_БР) в секторе. Коорд: 5548630 2981590
[20:55:21] РЛС-2 Дарьял: Обнаружена цель bd6629b (ББ_БР) в секторе. Коорд: 6638340 4797695
[20:55:21] РЛС-2 Дарьял: Обнаружена цель 6adfddr (КР) в секторе. Коорд: 1542880 4857090
[20:55:21] РЛС-2 Дарьял: Обнаружена цель db31fbs (САМОЛЕТ) в секторе. Коорд: 5058290 5976440
[20:55:21] РЛС-2 Дарьял: Обнаружена цель 213211r (КР) в секторе. Коорд: 2177080 3353590
[20:55:21] РЛС-2 Дарьял: Обнаружена цель 0f028as (САМОЛЕТ) в секторе. Коорд: 5762610 4694455
[20:55:21] РЛС-2 Дарьял: Обнаружена цель f8b674r (КР) в секторе. Коорд: 10605955 8029225
[20:55:21] РЛС-2 Дарьял: Обнаружена цель 6f8cf5s (САМОЛЕТ) в секторе. Коорд: 4791065 2625540
[20:55:21] РЛС-2 Дарьял: Обнаружена цель dc3c22b (ББ_БР) в секторе. Коорд: 9491730 5046910
[20:55:21] РЛС-2 Дарьял: Обнаружена цель 68051es (САМОЛЕТ) в секторе. Коорд: 7195675 2128935
[20:55:21] РЛС-2 Дарьял: Обнаружена цель 48ac51r (КР) в секторе. Коорд: 5092575 3388565
[20:55:21] РЛС-2 Дарьял: Обнаружена цель eb8751b (ББ_БР) в секторе. Коорд: 10801385 6211360
[20:55:21] РЛС-2 Дарьял: Обнаружена цель 75dc24s (САМОЛЕТ) в секторе. Коорд: 3665765 4782675
[20:55:21] РЛС-2 Дарьял: Обнаружена цель 40e575s (САМОЛЕТ) в секторе. Коорд: 10598235 3679385
[20:55:21] РЛС-2 Дарьял: Обнаружена цель 436309b (ББ_БР) в секторе. Коорд: 9945265 1868205
[20:55:21] РЛС-2 Дарьял: Обнаружена цель be55edb (ББ_БР) в секторе. Коорд: 5683625 5829820
[20:55:21] РЛС-2 Дарьял: Обнаружена цель 10f0ear (КР) в секторе. Коорд: 2137010 5144550
[20:55:21] РЛС-2 Дарьял: Обнаружена цель 9817c2s (САМОЛЕТ) в секторе. Коорд: 3639330 2539495
[20:55:21] РЛС-2 Дарьял: Обнаружена цель 728aa0s (САМОЛЕТ) в секторе. Коорд: 7763225 3888560
[20:55:21] РЛС-2 Дарьял: Обнаружена цель 6b7c42b (ББ_БР) в секторе. Коорд: 5882660 5431585
[20:55:21] РЛС-2 Дарьял: Обнаружена цель 638f5cs (САМОЛЕТ) в секторе. Коорд: 6121900 3232800
[20:55:21] РЛС-2 Дарьял: Обнаружена цель a85e3as (САМОЛЕТ) в секторе. Коорд: 6854945 3366290
[20:55:21] РЛС-2 Дарьял: Обнаружена цель 883076s (САМОЛЕТ) в секторе. Коорд: 6891100 7696145
[20:55:25] РЛС-2 Дарьял: Обнаружена цель c37a1db (ББ_БР) в секторе. Коорд: 8075040 3823334
[20:55:25] РЛС-2 Дарьял: Обнаружена цель 6c8767s (САМОЛЕТ) в секторе. Коорд: 4827002 4697346
[20:55:33] РЛС-2 Дарьял: Обнаружена цель 3503d7b (ББ_БР) в секторе. Коорд: 1784490 4962924
[20:55:42] РЛС-2 Дарьял: Обнаружена цель 398ddas (САМОЛЕТ) в секторе. Коорд: 2913134 2196364
[20:55:43] РЛС-2 Дарьял: Обнаружена цель 862698b (ББ_БР) в секторе. Коорд: 6625790 6312622
[20:55:55] РЛС-2 Дарьял: Обнаружена цель febc93b (ББ_БР) в секторе. Коорд: 5615276 7815808
[20:56:02] РЛС-2 Дарьял: Обнаружена цель 82a7d9r (КР) в секторе. Коорд: 11589178 4221914
[20:56:02] РЛС-2 Дарьял: Обнаружена цель 826e8db (ББ_БР) в секторе. Коорд: 7613646 4858302
[20:56:06] РЛС-2 Дарьял: Обнаружена цель 1d511br (КР) в секторе. Коорд: 1554602 3862002
[20:56:16] РЛС-2 Дарьял: Обнаружена цель b6a909s (САМОЛЕТ) в секторе. Коорд: 6002816 1969360
[20:56:17] РЛС-2 Дарьял: Обнаружена цель e35dbas (САМОЛЕТ) в секторе. Коорд: 11617788 2889380
[20:56:17] РЛС-2 Дарьял: Обнаружена цель 0ccbd0s (САМОЛЕТ) в секторе. Коорд: 10831864 7835710
[20:56:25] РЛС-2 Дарьял: Обнаружена цель b0dc8ar (КР) в секторе. Коорд: 6365652 2164012
[20:56:28] РЛС-2 Дарьял: Обнаружена цель db24c0s (САМОЛЕТ) в секторе. Коорд: 9560906 1627056
[20:56:33] РЛС-2 Дарьял: Обнаружена цель f55793r (КР) в секторе. Коорд: 5521832 5871850
[20:56:52] РЛС-2 Дарьял: Обнаружена цель fc4ba5s (САМОЛЕТ) в секторе. Коорд: 5437724 1189000
[20:56:54] РЛС-2 Дарьял: Обнаружена цель 28c729b (ББ_БР) в секторе. Коорд: 1352224 1888172
[20:56:57] РЛС-2 Дарьял: Обнаружена цель 186a50s (САМОЛЕТ) в секторе. Коорд: 2419010 6226890
[20:56:58] РЛС-2 Дарьял: Обнаружена цель eca848b (ББ_БР) в секторе. Коорд: 6495880 6460966
[20:57:00] РЛС-2 Дарьял: Обнаружена цель f0657fr (КР) в секторе. Коорд: 9424208 4651428
[20:57:02] РЛС-2 Дарьял: Обнаружена цель 773412b (ББ_БР) в секторе. Коорд: 2145252 6333900
[20:57:04] РЛС-2 Дарьял: Обнаружена цель f67de2r (КР) в секторе. Коорд: 7196146 3724758
[20:57:06] РЛС-2 Дарьял: Обнаружена цель f96594r (КР) в секторе. Коорд: 6605272 6835694
[20:57:13] РЛС-2 Дарьял: Обнаружена цель a68ab4r (КР) в секторе. Коорд: 6439365 4114239
[20:57:13] РЛС-2 Дарьял: Обнаружена цель 32bea1b (ББ_БР) в секторе. Коорд: 1346444 4749330
[20:57:15] РЛС-2 Дарьял: Обнаружена цель 35a426s (САМОЛЕТ) в секторе. Коорд: 6151380 1615228
[20:57:16] РЛС-2 Дарьял: Обнаружена цель 09f6e5b (ББ_БР) в секторе. Коорд: 6779094 5356132
[20:57:43] РЛС-2 Дарьял: Обнаружена цель 6db200r (КР) в секторе. Коорд: 8094200 4642014
[20:57:50] РЛС-2 Дарьял: Обнаружена цель c27c7bb (ББ_БР) в секторе. Коорд: 4850550 7942522
[20:57:50] РЛС-2 Дарьял: Обнаружена цель 78603dr (КР) в секторе. Коорд: 11036304 4983166
[20:57:54] РЛС-2 Дарьял: Обнаружена цель cb7bb9r (КР) в секторе. Коорд: 6164901 2418236
[20:57:54] РЛС-2 Дарьял: Обнаружена цель 4d7fdbb (ББ_БР) в секторе. Коорд: 8969292 3755289
[20:57:58] РЛС-2 Дарьял: Обнаружена цель cd406fb (ББ_БР) в секторе. Коорд: 7393192 4977846
[20:58:03] РЛС-2 Дарьял: Обнаружена цель 75c690r (КР) в секторе. Коорд: 5578740 4800628
[20:58:03] РЛС-2 Дарьял: Обнаружена цель 5de758r (КР) в секторе. Коорд: 7629056 4490124
[20:58:07] РЛС-2 Дарьял: Обнаружена цель ae51f0r (КР) в секторе. Коорд: 8445824 7753296
[20:58:10] РЛС-2 Дарьял: Обнаружена цель 89450cr (КР) в секторе. Коорд: 10758192 1829012
[20:58:18] РЛС-2 Дарьял: Обнаружена цель bf7351s (САМОЛЕТ) в секторе. Коорд: 8369914 3623548
[20:58:22] РЛС-2 Дарьял: Обнаружена цель 79bf0es (САМОЛЕТ) в секторе. Коорд: 7609004 4365454
[20:58:30] РЛС-2 Дарьял: Обнаружена цель 43aa74r (КР) в секторе. Коорд: 9667696 7535978
[20:58:30] РЛС-2 Дарьял: Обнаружена цель 0dca00r (КР) в секторе. Коорд: 6219822 6454290
[20:58:32] РЛС-2 Дарьял: Обнаружена цель 4d34e6r (КР) в секторе. Коорд: 4959588 3625542
[20:58:33] РЛС-2 Дарьял: Обнаружена цель e4ac90r (КР) в секторе. Коорд: 11341616 7255500
[20:58:33] РЛС-2 Дарьял: Обнаружена цель 6ee95bb (ББ_БР) в секторе. Коорд: 10832046 2962428
[20:58:34] РЛС-2 Дарьял: Обнаружена цель 157d81b (ББ_БР) в секторе. Коорд: 10983412 3595744
[20:58:34] РЛС-2 Дарьял: Обнаружена цель 911164s (САМОЛЕТ) в секторе. Коорд: 6063304 4917196
[20:58:36] РЛС-2 Дарьял: Обнаружена цель 19f3fdr (КР) в секторе. Коорд: 10160062 3590492
[20:58:42] РЛС-2 Дарьял: Обнаружена цель 3096d8r (КР) в секторе. Коорд: 3687056 3702550
[20:58:42] РЛС-2 Дарьял: Обнаружена цель 1b6af7s (САМОЛЕТ) в секторе. Коорд: 5545870 5875850
[20:58:44] РЛС-2 Дарьял: Обнаружена цель 7b6534r (КР) в секторе. Коорд: 4107102 4338252
[20:58:53] РЛС-2 Дарьял: Обнаружена цель e27e35r (КР) в секторе. Коорд: 6356358 2663168
[20:58:57] РЛС-2 Дарьял: Обнаружена цель 2e7a9ds (САМОЛЕТ) в секторе. Коорд: 7478166 7637894
[20:58:59] РЛС-2 Дарьял: Обнаружена цель 550f24s (САМОЛЕТ) в секторе. Коорд: 11476856 3550192
[20:59:01] РЛС-2 Дарьял: Обнаружена цель 045a43r (КР) в секторе. Коорд: 9818376 5060792
[20:59:03] РЛС-2 Дарьял: Обнаружена цель ea299es (САМОЛЕТ) в секторе. Коорд: 6818912 3983728
[20:59:07] РЛС-2 Дарьял: Обнаружена цель 2aa198s (САМОЛЕТ) в секторе. Коорд: 6841098 3683172
[20:59:08] РЛС-2 Дарьял: Обнаружена цель 2a975bs (САМОЛЕТ) в секторе. Коорд: 10459692 3407070
[20:59:15] РЛС-2 Дарьял: Обнаружена цель dfa50ds (САМОЛЕТ) в секторе. Коорд: 6365886 5224468
[20:59:18] РЛС-2 Дарьял: Обнаружена цель b7247cr (КР) в секторе. Коорд: 9862910 4497154
[20:59:18] РЛС-2 Дарьял: Обнаружена цель a375b0b (ББ_БР) в секторе. Коорд: 6336074 6720112
[20:59:19] РЛС-2 Дарьял: Обнаружена цель 32b0f4b (ББ_БР) в секторе. Коорд: 7378446 5464138
[20:59:20] РЛС-2 Дарьял: Обнаружена цель 3eddb1s (САМОЛЕТ) в секторе. Коорд: 6910646 4764704
[20:59:20] РЛС-2 Дарьял: Обнаружена цель eefbe6s (САМОЛЕТ) в секторе. Коорд: 11122950 1523432
[20:59:20] РЛС-2 Дарьял: Обнаружена цель e3bcaas (САМОЛЕТ) в секторе. Коорд: 11176902 2495306
[20:59:23] РЛС-2 Дарьял: Обнаружена цель cf6f4bs (САМОЛЕТ) в секторе. Коорд: 3038054 1727102
[20:59:27] РЛС-2 Дарьял: Обнаружена цель 712a0eb (ББ_БР) в секторе. Коорд: 8693958 6582856
[20:59:34] РЛС-2 Дарьял: Обнаружена цель aba23db (ББ_БР) в секторе. Коорд: 1353460 6756914
[20:59:35] РЛС-2 Дарьял: Обнаружена цель 8622f2b (ББ_БР) в секторе. Коорд: 7838078 2404194
[20:59:42] РЛС-2 Дарьял: Обнаружена цель 87b4f3r (КР) в секторе. Коорд: 2878528 3860708
[20:59:45] РЛС-2 Дарьял: Обнаружена цель 1a1f51r (КР) в секторе. Коорд: 11475804 3648894
[20:59:45] РЛС-2 Дарьял: Обнаружена цель b68a36r (КР) в секторе. Коорд: 7113790 2867974
[20:59:50] РЛС-2 Дарьял: Обнаружена цель 9d4624b (ББ_БР) в секторе. Коорд: 6793650 6557130
[20:59:57] РЛС-2 Дарьял: Обнаружена цель 62035cb (ББ_БР) в секторе. Коорд: 1730530 6554280
[21:00:00] РЛС-2 Дарьял: Обнаружена цель 7afc70b (ББ_БР) в секторе. Коорд: 8435710 4519092
[21:00:01] РЛС-2 Дарьял: Обнаружена цель 784fbas (САМОЛЕТ) в секторе. Коорд: 8515784 7474835
[21:00:01] РЛС-2 Дарьял: Обнаружена цель e912cbr (КР) в секторе. Коорд: 9003008 3638628
[21:00:04] РЛС-2 Дарьял: Обнаружена цель 7d0409s (САМОЛЕТ) в секторе. Коорд: 6411076 3992862
[21:00:04] РЛС-2 Дарьял: Обнаружена цель 41e3f6s (САМОЛЕТ) в секторе. Коорд: 6958988 5465295
[21:00:04] РЛС-2 Дарьял: Обнаружена цель d5d621b (ББ_БР) в секторе. Коорд: 5375536 6779688
[21:00:07] РЛС-2 Дарьял: Обнаружена цель b8ea42b (ББ_БР) в секторе. Коорд: 2111064 7693692
[21:00:07] РЛС-2 Дарьял: Обнаружена цель d8fb59r (КР) в секторе. Коорд: 9034098 1948652
[21:00:11] РЛС-2 Дарьял: Обнаружена цель f63a68s (САМОЛЕТ) в секторе. Коорд: 7765132 3679294
[21:00:12] РЛС-2 Дарьял: Обнаружена цель 533ea5b (ББ_БР) в секторе. Коорд: 5364024 5932858
[21:00:13] РЛС-2 Дарьял: Обнаружена цель c7b377s (САМОЛЕТ) в секторе. Коорд: 2874144 4914290
[21:00:21] РЛС-2 Дарьял: Обнаружена цель 85e1c9r (КР) в секторе. Коорд: 7065820 6182746
[21:00:38] РЛС-2 Дарьял: Обнаружена цель a32debr (КР) в секторе. Коорд: 1307544 2910564
[21:00:42] РЛС-2 Дарьял: Обнаружена цель 537949r (КР) в секторе. Коорд: 6139718 2820212
[21:00:47] РЛС-2 Дарьял: Обнаружена цель b27fbcr (КР) в секторе. Коорд: 8943252 4558704
[21:00:50] РЛС-2 Дарьял: Обнаружена цель d6ecder (КР) в секторе. Коорд: 7048676 3038464
[21:00:51] РЛС-2 Дарьял: Обнаружена цель dd3401s (САМОЛЕТ) в секторе. Коорд: 10661852 5857802
[21:00:55] РЛС-2 Дарьял: Обнаружена цель b44916s (САМОЛЕТ) в секторе. Коорд: 5052255 1692189
[21:00:58] РЛС-2 Дарьял: Обнаружена цель 657dbes (САМОЛЕТ) в секторе. Коорд: 10959658 3419243
[21:01:06] РЛС-2 Дарьял: Обнаружена цель 046a57s (САМОЛЕТ) в секторе. Коорд: 5653034 1256190
[21:01:09] РЛС-2 Дарьял: Обнаружена цель f40e2ds (САМОЛЕТ) в секторе. Коорд: 7043210 5037640
[21:01:09] РЛС-2 Дарьял: Обнаружена цель 895c8fr (КР) в секторе. Коорд: 4780896 5660878
[21:01:10] РЛС-2 Дарьял: Обнаружена цель 9ae4ebs (САМОЛЕТ) в секторе. Коорд: 9888916 5266230
[21:01:10] РЛС-2 Дарьял: Обнаружена цель 8a753ab (ББ_БР) в секторе. Коорд: 7238656 3064568
[21:01:15] РЛС-2 Дарьял: Обнаружена цель a50738b (ББ_БР) в секторе. Коорд: 6813522 3875206
[21:01:16] РЛС-2 Дарьял: Обнаружена цель 8168e1b (ББ_БР) в секторе. Коорд: 10234298 4554298
[21:01:16] РЛС-2 Дарьял: Обнаружена цель e62d34b (ББ_БР) в секторе. Коорд: 3093644 7461114
[21:01:16] РЛС-2 Дарьял: Обнаружена цель 698008s (САМОЛЕТ) в секторе. Коорд: 7853898 2650106
[21:01:19] РЛС-2 Дарьял: Обнаружена цель 86f5bfs (САМОЛЕТ) в секторе. Коорд: 6041980 4869854
[21:01:26] РЛС-2 Дарьял: Обнаружена цель dedfbfs (САМОЛЕТ) в секторе. Коорд: 1486354 4517375
[21:01:30] РЛС-2 Дарьял: Обнаружена цель 349f9es (САМОЛЕТ) в секторе. Коорд: 7735698 5120282
[21:01:35] РЛС-2 Дарьял: Обнаружена цель 54db22s (САМОЛЕТ) в секторе. Коорд: 4352260 4051346
[21:01:35] РЛС-2 Дарьял: Обнаружена цель 20ec52s (САМОЛЕТ) в секторе. Коорд: 5277078 4073200
[21:01:35] РЛС-2 Дарьял: Обнаружена цель 67a20db (ББ_БР) в секторе. Коорд: 5633948 7310508
[21:01:36] РЛС-2 Дарьял: Обнаружена цель 90042cb (ББ_БР) в секторе. Коорд: 10042690 5298702
[21:01:39] РЛС-2 Дарьял: Обнаружена цель 7aa108s (САМОЛЕТ) в секторе. Коорд: 5575200 1873080
[21:01:40] РЛС-2 Дарьял: Обнаружена цель d84010r (КР) в секторе. Коорд: 3883312 1063220
[21:01:40] РЛС-2 Дарьял: Обнаружена цель 724b1cs (САМОЛЕТ) в секторе. Коорд: 2500044 6436734
[21:01:42] РЛС-2 Дарьял: Обнаружена цель 3ddb4fb (ББ_БР) в секторе. Коорд: 8813790 7279966
[21:01:45] РЛС-2 Дарьял: Обнаружена цель c4b4e3b (ББ_БР) в секторе. Коорд: 4428878 2781958
[21:01:50] РЛС-2 Дарьял: Обнаружена цель 8bf53as (САМОЛЕТ) в секторе. Коорд: 3003012 5327878
[21:01:52] РЛС-2 Дарьял: Обнаружена цель 5e8245b (ББ_БР) в секторе. Коорд: 2542140 7533772
[21:01:54] РЛС-2 Дарьял: Обнаружена цель ef36c6b (ББ_БР) в секторе. Коорд: 7674160 4779556
[21:01:57] РЛС-2 Дарьял: Обнаружена цель 33a42as (САМОЛЕТ) в секторе. Коорд: 3054116 3798758
[21:01:59] РЛС-2 Дарьял: Обнаружена цель 0055b5r (КР) в секторе. Коорд: 9294618 7841618
[21:01:59] РЛС-2 Дарьял: Обнаружена цель 493e97s (САМОЛЕТ) в секторе. Коорд: 6110910 3964744
[21:02:05] РЛС-2 Дарьял: Обнаружена цель 274b61r (КР) в секторе. Коорд: 10040438 4543510
[21:02:07] РЛС-2 Дарьял: Обнаружена цель 6e8d25r (КР) в секторе. Коорд: 8632824 5537044
[21:02:08] РЛС-2 Дарьял: Обнаружена цель 37f6e8b (ББ_БР) в секторе. Коорд: 8408042 6925156
[21:02:12] РЛС-2 Дарьял: Обнаружена цель 27d89dr (КР) в секторе. Коорд: 5606410 2713756
[21:02:13] РЛС-2 Дарьял: Обнаружена цель 0baa2er (КР) в секторе. Коорд: 6762542 4527204
[21:02:20] РЛС-2 Дарьял: Обнаружена цель 6f4271b (ББ_БР) в секторе. Коорд: 7931988 940536
[21:02:23] РЛС-2 Дарьял: Обнаружена цель 5ffa54b (ББ_БР) в секторе. Коорд: 4006522 4890720
[21:02:31] РЛС-2 Дарьял: Обнаружена цель cbcca8b (ББ_БР) в секторе. Коорд: 11477714 2709144
[21:02:31] РЛС-2 Дарьял: Обнаружена цель 0ef072b (ББ_БР) в секторе. Коорд: 2486620 4567020
[21:02:36] РЛС-2 Дарьял: Обнаружена цель f8067dr (КР) в секторе. Коорд: 1739410 1584008
[21:02:40] РЛС-2 Дарьял: Обнаружена цель 0dcc55s (САМОЛЕТ) в секторе. Коорд: 5473358 6201782
[21:02:40] РЛС-2 Дарьял: Обнаружена цель 79736cr (КР) в секторе. Коорд: 11495510 5184986
[21:02:42] РЛС-2 Дарьял: Обнаружена цель f9b7das (САМОЛЕТ) в секторе. Коорд: 6930126 2446162
[21:02:43] РЛС-2 Дарьял: Обнаружена цель dfef0es (САМОЛЕТ) в секторе. Коорд: 5337022 1610172
[21:02:49] РЛС-2 Дарьял: Обнаружена цель cd6823r (КР) в секторе. Коорд: 2533032 4838290
[21:02:53] РЛС-2 Дарьял: Обнаружена цель ebd56fb (ББ_БР) в секторе. Коорд: 1448052 3715764
[21:02:58] РЛС-2 Дарьял: Обнаружена цель 5e33e3r (КР) в секторе. Коорд: 6973660 4185432
[21:03:01] РЛС-2 Дарьял: Обнаружена цель 4f14e7s (САМОЛЕТ) в секторе. Коорд: 7789894 2627438
[21:03:01] РЛС-2 Дарьял: Обнаружена цель 1d2bacr (КР) в секторе. Коорд: 4884402 4979506
[21:03:01] РЛС-2 Дарьял: Обнаружена цель 94b24eb (ББ_БР) в секторе. Коорд: 1720042 3829982
[21:03:02] РЛС-2 Дарьял: Обнаружена цель 0e433fs (САМОЛЕТ) в секторе. Коорд: 5845916 7044912
[21:03:08] РЛС-2 Дарьял: Обнаружена цель 115d8bs (САМОЛЕТ) в секторе. Коорд: 7363060 8026847
[21:03:09] РЛС-2 Дарьял: Обнаружена цель 799552r (КР) в секторе. Коорд: 5619730 6470650
[21:03:12] РЛС-2 Дарьял: Обнаружена цель 405450r (КР) в секторе. Коорд: 1882166 1106766
[21:03:12] РЛС-2 Дарьял: Обнаружена цель 47dfecr (КР) в секторе. Коорд: 11493970 5041782
[21:03:13] РЛС-2 Дарьял: Обнаружена цель 9c7bc8s (САМОЛЕТ) в секторе. Коорд: 9331944 4859158
[21:03:16] РЛС-2 Дарьял: Обнаружена цель 2c6876r (КР) в секторе. Коорд: 7768246 3981678
[21:03:19] РЛС-2 Дарьял: Обнаружена цель 320fcer (КР) в секторе. Коорд: 3444400 2502376
[21:03:19] РЛС-2 Дарьял: Обнаружена цель 8f5bc9r (КР) в секторе. Коорд: 5337048 3594662
[21:03:23] РЛС-2 Дарьял: Обнаружена цель 52abbab (ББ_БР) в секторе. Коорд: 5925044 3342662
[21:03:24] РЛС-2 Дарьял: Обнаружена цель 583104b (ББ_БР) в секторе. Коорд: 7786962 3731664
[21:03:24] РЛС-2 Дарьял: Обнаружена цель 4a45e8b (ББ_БР) в секторе. Коорд: 6747146 4927908
[21:03:35] РЛС-2 Дарьял: Обнаружена цель 0b1d5fs (САМОЛЕТ) в секторе. Коорд: 7924836 7337536
[21:03:41] РЛС-2 Дарьял: Обнаружена цель cb182cr (КР) в секторе. Коорд: 6982392 2048780
[21:03:46] РЛС-2 Дарьял: Обнаружена цель d65ee5b (ББ_БР) в секторе. Коорд: 3701222 6928480
[21:03:48] РЛС-2 Дарьял: Обнаружена цель e795bbr (КР) в секторе. Коорд: 7776074 4444770
[21:03:52] РЛС-2 Дарьял: Обнаружена цель 40ed1bb (ББ_БР) в секторе. Коорд: 1369872 3661880
[21:03:54] РЛС-2 Дарьял: Обнаружена цель 5a64c4r (КР) в секторе. Коорд: 6050982 1029064
[21:03:56] РЛС-2 Дарьял: Обнаружена цель 1bdf0fb (ББ_БР) в секторе. Коорд: 6447902 4917084
[21:03:56] РЛС-2 Дарьял: Обнаружена цель 828e4db (ББ_БР) в секторе. Коорд: 4434170 4143910
[21:04:01] РЛС-2 Дарьял: Обнаружена цель e4bff7s (САМОЛЕТ) в секторе. Коорд: 7285922 2793248
[21:04:08] РЛС-2 Дарьял: Обнаружена цель b9ffa1r (КР) в секторе. Коорд: 9160480 4837848
[21:04:15] РЛС-2 Дарьял: Обнаружена цель b2e3c5r (КР) в секторе. Коорд: 7073650 1162090
[21:04:18] РЛС-2 Дарьял: Обнаружена цель 8da8far (КР) в секторе. Коорд: 2939976 5237232
[21:04:22] РЛС-2 Дарьял: Обнаружена цель 3b7d35b (ББ_БР) в секторе. Коорд: 5212156 5862534
[21:04:23] РЛС-2 Дарьял: Обнаружена цель 9e90e8s (САМОЛЕТ) в секторе. Коорд: 4434166 4983100
[21:04:25] РЛС-2 Дарьял: Обнаружена цель 0cc0eab (ББ_БР) в секторе. Коорд: 7663126 5272498
[21:04:26] РЛС-2 Дарьял: Обнаружена цель 91b271r (КР) в секторе. Коорд: 4921656 1318496
[21:04:27] РЛС-2 Дарьял: Обнаружена цель 23ddffs (КР) в секторе. Коорд: 9343970 2068405
[21:04:29] РЛС-2 Дарьял: Обнаружена цель 672c9ab (ББ_БР) в секторе. Коорд: 6142204 4662378
[21:04:33] РЛС-2 Дарьял: Обнаружена цель b88572s (САМОЛЕТ) в секторе. Коорд: 6384950 7059602
[21:04:43] РЛС-2 Дарьял: Обнаружена цель 5a70cds (САМОЛЕТ) в секторе. Коорд: 7004042 2927152
[21:04:49] РЛС-2 Дарьял: Обнаружена цель e27906b (ББ_БР) в секторе. Коорд: 7252108 3432796
[21:04:58] РЛС-2 Дарьял: Обнаружена цель 66444br (КР) в секторе. Коорд: 6439188 2161568
[21:05:03] РЛС-2 Дарьял: Обнаружена цель 179ef6s (САМОЛЕТ) в секторе. Коорд: 5880198 1253230
[21:05:09] РЛС-2 Дарьял: Обнаружена цель 469a85b (ББ_БР) в секторе. Коорд: 6886448 4742416
[21:05:13] РЛС-2 Дарьял: Обнаружена цель b51392r (КР) в секторе. Коорд: 7598299 1237374
[21:05:13] РЛС-2 Дарьял: Обнаружена цель 1078b3r (КР) в секторе. Коорд: 2792396 4793325
[21:05:13] РЛС-2 Дарьял: Обнаружена цель 5d6243s (САМОЛЕТ) в секторе. Коорд: 6710952 6703824
[21:05:14] РЛС-2 Дарьял: Обнаружена цель 72048eb (ББ_БР) в секторе. Коорд: 2350600 7302614
[21:05:14] РЛС-2 Дарьял: Обнаружена цель 57b169r (КР) в секторе. Коорд: 7636290 2542928
[21:05:15] РЛС-2 Дарьял: Обнаружена цель 193cedb (ББ_БР) в секторе. Коорд: 6238982 7242656
[21:05:17] РЛС-2 Дарьял: Обнаружена цель 9a1ecdb (ББ_БР) в секторе. Коорд: 7347762 3129950
[21:05:24] РЛС-2 Дарьял: Обнаружена цель e771a7r (КР) в секторе. Коорд: 7308474 1675982
[21:05:28] РЛС-2 Дарьял: Обнаружена цель 64fe32b (ББ_БР) в секторе. Коорд: 5373768 5057226
[21:05:29] РЛС-2 Дарьял: Обнаружена цель ee7d3cs (САМОЛЕТ) в секторе. Коорд: 1402046 3804882
[21:05:33] РЛС-2 Дарьял: Обнаружена цель 686ad3s (САМОЛЕТ) в секторе. Коорд: 11059826 5332135
[21:05:35] РЛС-2 Дарьял: Обнаружена цель be80f6b (ББ_БР) в секторе. Коорд: 4447524 4640156
[21:05:36] РЛС-2 Дарьял: Обнаружена цель ae8a50b (ББ_БР) в секторе. Коорд: 7798039 5503724
[21:05:39] РЛС-2 Дарьял: Обнаружена цель ec2237s (САМОЛЕТ) в секторе. Коорд: 10268620 3798252
[21:05:47] РЛС-2 Дарьял: Обнаружена цель ba6f88r (КР) в секторе. Коорд: 7781704 1501134
[21:05:48] РЛС-2 Дарьял: Обнаружена цель ee5148r (КР) в секторе. Коорд: 5989952 1589282
[21:05:51] РЛС-2 Дарьял: Обнаружена цель 50d255r (КР) в секторе. Коорд: 2724696 1333140
[21:05:51] РЛС-2 Дарьял: Обнаружена цель 0f1600r (КР) в секторе. Коорд: 3440472 5379560
[21:05:54] РЛС-2 Дарьял: Обнаружена цель 2c151er (КР) в секторе. Коорд: 4009386 3579174
[21:05:57] РЛС-2 Дарьял: Обнаружена цель 4281f8r (КР) в секторе. Коорд: 3778743 6717912
[21:06:10] РЛС-2 Дарьял: Обнаружена цель d74267s (САМОЛЕТ) в секторе. Коорд: 2898310 2708034
[21:06:16] РЛС-2 Дарьял: Обнаружена цель 4390ccb (ББ_БР) в секторе. Коорд: 1439990 7284834
[21:06:21] РЛС-2 Дарьял: Обнаружена цель 25ecc1r (КР) в секторе. Коорд: 8115994 3792448
[21:06:21] РЛС-2 Дарьял: Обнаружена цель 5055f3s (САМОЛЕТ) в секторе. Коорд: 9509910 5073168
[21:06:25] РЛС-2 Дарьял: Обнаружена цель 80ba1er (КР) в секторе. Коорд: 6339918 3729434
[21:06:30] РЛС-2 Дарьял: Обнаружена цель 4e9133b (ББ_БР) в секторе. Коорд: 1688602 7008840
[21:06:34] РЛС-2 Дарьял: Обнаружена цель 7e3832r (КР) в секторе. Коорд: 1618470 3778414
[21:06:37] РЛС-2 Дарьял: Обнаружена цель 4ab038s (САМОЛЕТ) в секторе. Коорд: 2469170 4841662
[21:06:39] РЛС-2 Дарьял: Обнаружена цель 5cf300r (КР) в секторе. Коорд: 8843152 1264604
[21:06:43] РЛС-2 Дарьял: Обнаружена цель 48c380b (ББ_БР) в секторе. Коорд: 6778964 2090344
[21:06:43] РЛС-2 Дарьял: Обнаружена цель f86994b (ББ_БР) в секторе. Коорд: 6590616 6452322
[21:06:51] РЛС-2 Дарьял: Обнаружена цель 7fdfedr (КР) в секторе. Коорд: 10928784 1652250
[21:06:52] РЛС-2 Дарьял: Обнаружена цель a721e6r (КР) в секторе. Коорд: 6757962 4542410
[21:06:55] РЛС-2 Дарьял: Обнаружена цель c23ccab (ББ_БР) в секторе. Коорд: 8169574 2647152
[21:06:55] РЛС-2 Дарьял: Обнаружена цель fcde89s (САМОЛЕТ) в секторе. Коорд: 3551220 5665688
[21:06:56] РЛС-2 Дарьял: Обнаружена цель 3df685b (ББ_БР) в секторе. Коорд: 5799998 3106074
[21:06:56] РЛС-2 Дарьял: Обнаружена цель d439bar (КР) в секторе. Коорд: 5946128 4848786
[21:06:56] РЛС-2 Дарьял: Обнаружена цель df666cr (КР) в секторе. Коорд: 7283734 3195196
[21:06:58] РЛС-2 Дарьял: Обнаружена цель 047e03b (ББ_БР) в секторе. Коорд: 8819930 4766504
[21:07:01] РЛС-2 Дарьял: Обнаружена цель b587dfr (КР) в секторе. Коорд: 5578592 2060124
[21:07:02] РЛС-2 Дарьял: Обнаружена цель 08a066r (КР) в секторе. Коорд: 11071643 1994068
[21:07:06] РЛС-2 Дарьял: Обнаружена цель 27b121s (САМОЛЕТ) в секторе. Коорд: 10374960 7156776
[21:07:08] РЛС-2 Дарьял: Обнаружена цель 068ab7r (КР) в секторе. Коорд: 6504554 7237399
[21:07:09] РЛС-2 Дарьял: Обнаружена цель 50b1fds (САМОЛЕТ) в секторе. Коорд: 11383892 2084452
[21:07:10] РЛС-2 Дарьял: Обнаружена цель 926bd0b (ББ_БР) в секторе. Коорд: 1602442 5587390
[21:07:13] РЛС-2 Дарьял: Обнаружена цель ecf02bs (САМОЛЕТ) в секторе. Коорд: 4967182 1434418
[21:14:53] РЛС-2 Дарьял: Обнаружена цель eb4db6r (КР) в секторе. Коорд: 10481680 3028149
[21:14:53] РЛС-2 Дарьял: Обнаружена цель 583104b (ББ_БР) в секторе. Коорд: 8007687 5718864
[21:14:53] РЛС-2 Дарьял: Обнаружена цель 80ba1er (КР) в секторе. Коорд: 6379392 3748096
[21:14:53] РЛС-2 Дарьял: Обнаружена цель a14551r (КР) в секторе. Коорд: 7338148 4612590
[21:14:53] РЛС-2 Дарьял: Обнаружена цель 3df685b (ББ_БР) в секторе. Коорд: 6295936 3449368
[21:14:53] РЛС-2 Дарьял: Обнаружена цель c2fdd1s (САМОЛЕТ) в секторе. Коорд: 10158832 2133940
[21:14:53] РЛС-2 Дарьял: Обнаружена цель b88572s (САМОЛЕТ) в секторе. Коорд: 6380650 7025374
[21:14:53] РЛС-2 Дарьял: Обнаружена цель 64fe32b (ББ_БР) в секторе. Коорд: 4448688 4421916
[21:14:53] РЛС-2 Дарьял: Обнаружена цель 047e03b (ББ_БР) в секторе. Коорд: 8512795 5208876
[21:14:53] РЛС-2 Дарьял: Обнаружена цель d439bar (КР) в секторе. Коорд: 5950096 4904152
[21:14:53] РЛС-2 Дарьял: Обнаружена цель ae8a50b (ББ_БР) в секторе. Коорд: 7307638 4508408
[21:14:53] РЛС-2 Дарьял: Обнаружена цель 068ab7r (КР) в секторе. Коорд: 6479008 7191448
[21:14:53] РЛС-2 Дарьял: Обнаружена цель df666cr (КР) в секторе. Коорд: 7244488 3232272
[21:14:53] РЛС-2 Дарьял: Обнаружена цель 1078b3r (КР) в секторе. Коорд: 2811008 4761600
[21:14:53] РЛС-2 Дарьял: Обнаружена цель 900af6b (ББ_БР) в секторе. Коорд: 10427029 3826096
[21:14:54] РЛС-2 Дарьял: Обнаружена цель 4390ccb (ББ_БР) в секторе. Коорд: 1904525 6486615
[21:14:54] РЛС-2 Дарьял: Обнаружена цель 9e90e8s (САМОЛЕТ) в секторе. Коорд: 4449106 4992100
[21:14:54] РЛС-2 Дарьял: Обнаружена цель 52abbab (ББ_БР) в секторе. Коорд: 7173016 5225468
[21:14:54] РЛС-2 Дарьял: Обнаружена цель a721e6r (КР) в секторе. Коорд: 6789227 4490735
[21:14:54] РЛС-2 Дарьял: Обнаружена цель 3b7d35b (ББ_БР) в секторе. Коорд: 4140274 4734361
[21:14:54] РЛС-2 Дарьял: Обнаружена цель 179ef6s (САМОЛЕТ) в секторе. Коорд: 5894949 1270365
[21:14:54] РЛС-2 Дарьял: Обнаружена цель 4281f8r (КР) в секторе. Коорд: 3840910 6643440
[21:14:54] РЛС-2 Дарьял: Обнаружена цель 73ddc4r (КР) в секторе. Коорд: 8503653 1089554
[21:14:54] РЛС-2 Дарьял: Обнаружена цель 5cf300r (КР) в секторе. Коорд: 8810928 1287556
[21:14:54] РЛС-2 Дарьял: Обнаружена цель b587dfr (КР) в секторе. Коорд: 5596056 2093282
[21:14:54] РЛС-2 Дарьял: Обнаружена цель 25ecc1r (КР) в секторе. Коорд: 8071730 3812160
[21:14:54] РЛС-2 Дарьял: Обнаружена цель ee5148r (КР) в секторе. Коорд: 5930216 1662356
[21:14:54] РЛС-2 Дарьял: Обнаружена цель 50b1fds (САМОЛЕТ) в секторе. Коорд: 11381084 2096204
[21:14:54] РЛС-2 Дарьял: Обнаружена цель 2c151er (КР) в секторе. Коорд: 4030616 3643744
[21:14:54] РЛС-2 Дарьял: Обнаружена цель f86994b (ББ_БР) в секторе. Коорд: 6722600 5843575
[21:14:54] РЛС-2 Дарьял: Обнаружена цель 47d710s (САМОЛЕТ) в секторе. Коорд: 4487108 1235504
[21:14:54] РЛС-2 Дарьял: Обнаружена цель 7e3832r (КР) в секторе. Коорд: 1637035 3755267
[21:14:54] РЛС-2 Дарьял: Обнаружена цель 0cc0eab (ББ_БР) в секторе. Коорд: 9187340 5850820
[21:14:54] РЛС-2 Дарьял: Обнаружена цель 193cedb (ББ_БР) в секторе. Коорд: 6793731 6245748
[21:14:54] РЛС-2 Дарьял: Обнаружена цель ecf02bs (САМОЛЕТ) в секторе. Коорд: 4971641 1444659
[21:14:54] РЛС-2 Дарьял: Обнаружена цель 686ad3s (САМОЛЕТ) в секторе. Коорд: 11052576 5337760
[21:14:54] РЛС-2 Дарьял: Обнаружена цель 617484r (КР) в секторе. Коорд: 11658569 3096442
[21:14:54] РЛС-2 Дарьял: Обнаружена цель 50d255r (КР) в секторе. Коорд: 2763672 1396980
[21:14:54] РЛС-2 Дарьял: Обнаружена цель c23ccab (ББ_БР) в секторе. Коорд: 7935655 3187440
[21:14:54] РЛС-2 Дарьял: Обнаружена цель df8063r (КР) в секторе. Коорд: 6141035 4504745
[21:14:54] РЛС-2 Дарьял: Обнаружена цель 40ed1bb (ББ_БР) в секторе. Коорд: 2478816 4975640
[21:14:54] РЛС-2 Дарьял: Обнаружена цель d65ee5b (ББ_БР) в секторе. Коорд: 5284310 6250400
[21:14:54] РЛС-2 Дарьял: Обнаружена цель fd981fs (САМОЛЕТ) в секторе. Коорд: 10790780 6143632
[21:14:54] РЛС-2 Дарьял: Обнаружена цель ef36c6b (ББ_БР) в секторе. Коорд: 6379100 2517010
[21:14:54] РЛС-2 Дарьял: Обнаружена цель 08a066r (КР) в секторе. Коорд: 11064860 2014360
[21:14:54] РЛС-2 Дарьял: Обнаружена цель be80f6b (ББ_БР) в секторе. Коорд: 5534012 4835828
[21:14:54] РЛС-2 Дарьял: Обнаружена цель 926bd0b (ББ_БР) в секторе. Коорд: 1970713 5367835
[21:14:54] РЛС-2 Дарьял: Обнаружена цель fcde89s (САМОЛЕТ) в секторе. Коорд: 3558150 5655860
[21:14:54] РЛС-2 Дарьял: Обнаружена цель 27b121s (САМОЛЕТ) в секторе. Коорд: 10373880 7150728
[21:14:54] РЛС-2 Дарьял: Обнаружена цель 9a1ecdb (САМОЛЕТ) в секторе. Коорд: 6509459 4085525
[21:14:56] РЛС-2 Дарьял: Обнаружена цель ca6162s (САМОЛЕТ) в секторе. Коорд: 3180104 5391020
