13.05 17:28:33:999 RLS_3 Обнаружена цель ID:db5bb8b с координатами 10461122 1717818
13.05 17:28:33:999 RLS_3 Цель ID:db5bb8b движется в направлении СПРО
13.05 17:28:34:044 RLS_1 Обнаружена цель ID:480b80b с координатами 1535640 2119272
13.05 17:28:34:044 RLS_1 Цель ID:480b80b движется в направлении СПРО
13.05 17:28:34:489 SPRO Обнаружена БР ID:322273b с координатами 6089158 3668628
13.05 17:28:34:489 SPRO Произведен пуск противоракеты по ID:322273b. Остаток: 9
13.05 17:28:34:537 RLS_2 Обнаружена цель ID:e03705b с координатами 8326526 7250954
13.05 17:28:34:537 RLS_2 Цель ID:e03705b движется в направлении СПРО
13.05 17:28:34:573 SPRO Обнаружена БР ID:93f8abb с координатами 5985440 3842802
13.05 17:28:34:573 SPRO Произведен пуск противоракеты по ID:93f8abb. Остаток: 8
13.05 17:28:34:625 SPRO Обнаружена БР ID:6c85f5b с координатами 6777090 3749756
13.05 17:28:34:625 SPRO Произведен пуск противоракеты по ID:6c85f5b. Остаток: 7
13.05 17:28:34:651 SPRO Обнаружена БР ID:3a25a5b с координатами 5204122 4858296
13.05 17:28:34:651 SPRO Произведен пуск противоракеты по ID:3a25a5b. Остаток: 6
13.05 17:28:34:751 ZRDN_1 Обнаружен КР ID:78b1a2r с координатами 4347028 3503826
13.05 17:28:34:751 ZRDN_1 Произведен пуск по ID:78b1a2r. Остаток: 19
13.05 17:28:34:823 SPRO Обнаружена БР ID:332b36b с координатами 6030484 3413994
13.05 17:28:34:823 SPRO Произведен пуск противоракеты по ID:332b36b. Остаток: 5
13.05 17:28:36:168 SPRO ПОДТВЕРЖДЕНО: БР ID:322273b УНИЧТОЖЕНА!
13.05 17:28:36:233 SPRO ПОДТВЕРЖДЕНО: БР ID:93f8abb УНИЧТОЖЕНА!
13.05 17:28:36:275 SPRO ПРОМАХ! БР ID:6c85f5b продолжает движение.
13.05 17:28:36:280 SPRO Произведен пуск противоракеты по ID:6c85f5b. Остаток: 4
13.05 17:28:36:300 SPRO ПРОМАХ! БР ID:3a25a5b продолжает движение.
13.05 17:28:36:305 SPRO Произведен пуск противоракеты по ID:3a25a5b. Остаток: 3
13.05 17:28:36:376 ZRDN_1 ПРОМАХ! Цель ID:78b1a2r продолжает движение.
13.05 17:28:36:381 ZRDN_1 Произведен пуск по ID:78b1a2r. Остаток: 18
13.05 17:28:36:472 SPRO ПОДТВЕРЖДЕНО: БР ID:332b36b УНИЧТОЖЕНА!
13.05 17:28:37:885 SPRO ПОДТВЕРЖДЕНО: БР ID:6c85f5b УНИЧТОЖЕНА!
13.05 17:28:37:905 SPRO ПРОМАХ! БР ID:3a25a5b продолжает движение.
13.05 17:28:37:911 SPRO Произведен пуск противоракеты по ID:3a25a5b. Остаток: 2
13.05 17:28:37:979 ZRDN_1 ПОДТВЕРЖДЕНО: Цель ID:78b1a2r УНИЧТОЖЕНА!
13.05 17:28:39:529 SPRO ПРОМАХ! БР ID:3a25a5b продолжает движение.
13.05 17:28:39:534 SPRO Произведен пуск противоракеты по ID:3a25a5b. Остаток: 1
13.05 17:28:39:545 SPRO Обнаружена БР ID:eecc03b с координатами 5606842 2900420
13.05 17:28:39:545 SPRO Произведен пуск противоракеты по ID:eecc03b. Остаток: 0
13.05 17:28:39:545 SPRO ВНИМАНИЕ! БОЕКОМПЛЕКТ ПРО ИСЧЕРПАН.
13.05 17:28:40:866 ZRDN_1 Обнаружен Самолет ID:b9d118s с координатами 4270222 3091372
13.05 17:28:40:866 ZRDN_1 Произведен пуск по ID:b9d118s. Остаток: 17
13.05 17:28:40:972 RLS_2 Обнаружена цель ID:dbc2b8b с координатами 8109338 8036238
13.05 17:28:40:972 RLS_2 Цель ID:dbc2b8b движется в направлении СПРО
13.05 17:28:41:199 SPRO ПОДТВЕРЖДЕНО: БР ID:3a25a5b УНИЧТОЖЕНА!
13.05 17:28:41:210 SPRO ПРОМАХ! БР ID:eecc03b продолжает движение.
13.05 17:28:41:215 SPRO ВНИМАНИЕ! БР ID:eecc03b в зоне ответственности, НО ПРОТИВОРАКЕТЫ ОТСУТСТВУЮТ!
13.05 17:28:42:526 ZRDN_1 ПОДТВЕРЖДЕНО: Цель ID:b9d118s УНИЧТОЖЕНА!
13.05 17:28:45:164 RLS_3 Обнаружена цель ID:dbd651b с координатами 4905828 1337266
13.05 17:28:45:164 RLS_3 Цель ID:dbd651b движется в направлении СПРО
13.05 17:28:46:529 RLS_3 Обнаружена цель ID:00eaadb с координатами 6553138 1778068
13.05 17:28:46:529 RLS_3 Цель ID:00eaadb движется в направлении СПРО
13.05 17:29:01:590 RLS_1 Обнаружена цель ID:480b80b с координатами 1563360 2300628
13.05 17:29:01:590 RLS_1 Цель ID:480b80b движется в направлении СПРО
13.05 17:29:17:884 SPRO Обнаружена БР ID:517c20b с координатами 6264760 4651282
13.05 17:29:17:884 SPRO ВНИМАНИЕ! БР ID:517c20b в зоне ответственности, НО ПРОТИВОРАКЕТЫ ОТСУТСТВУЮТ!
13.05 17:29:52:446 RLS_2 Обнаружена цель ID:29f610b с координатами 10434202 7480214
13.05 17:29:52:446 RLS_2 Цель ID:29f610b движется в направлении СПРО
13.05 17:30:18:353 SPRO Обнаружена БР ID:00eaadb с координатами 6385399 2401414
13.05 17:30:18:353 SPRO ВНИМАНИЕ! БР ID:00eaadb в зоне ответственности, НО ПРОТИВОРАКЕТЫ ОТСУТСТВУЮТ!
13.05 17:30:21:037 RLS_1 Обнаружена цель ID:2dbd7fb с координатами 3474064 1636490
13.05 17:30:21:037 RLS_1 Цель ID:2dbd7fb движется в направлении СПРО
13.05 17:30:37:524 SPRO Обнаружена БР ID:b2c917b с координатами 5225802 5055608
13.05 17:30:37:524 SPRO ВНИМАНИЕ! БР ID:b2c917b в зоне ответственности, НО ПРОТИВОРАКЕТЫ ОТСУТСТВУЮТ!
13.05 17:31:21:389 SPRO Обнаружена БР ID:dbd651b с координатами 5480766 2113327
13.05 17:31:21:389 SPRO ВНИМАНИЕ! БР ID:dbd651b в зоне ответственности, НО ПРОТИВОРАКЕТЫ ОТСУТСТВУЮТ!
13.05 17:31:32:389 RLS_3 Обнаружена цель ID:9647cfb с координатами 7939952 2978474
13.05 17:31:32:389 RLS_3 Цель ID:9647cfb движется в направлении СПРО
13.05 17:31:34:048 RLS_1 Обнаружена цель ID:226adbb с координатами 2400066 1230112
13.05 17:31:34:048 RLS_1 Цель ID:226adbb движется в направлении СПРО
13.05 17:31:53:243 RLS_3 Обнаружена цель ID:5cbdfab с координатами 5752774 2138210
13.05 17:31:53:243 RLS_3 Цель ID:5cbdfab движется в направлении СПРО
13.05 17:31:53:782 SPRO Обнаружена БР ID:5cbdfab с координатами 5752774 2138210
13.05 17:31:53:782 SPRO ВНИМАНИЕ! БР ID:5cbdfab в зоне ответственности, НО ПРОТИВОРАКЕТЫ ОТСУТСТВУЮТ!
13.05 17:33:04:833 SPRO Обнаружена БР ID:f79cf1b с координатами 4480914 3521746
13.05 17:33:04:833 SPRO ВНИМАНИЕ! БР ID:f79cf1b в зоне ответственности, НО ПРОТИВОРАКЕТЫ ОТСУТСТВУЮТ!
13.05 17:33:09:436 SPRO Обнаружена БР ID:5560e2b с координатами 6991477 3618564
13.05 17:33:09:436 SPRO ВНИМАНИЕ! БР ID:5560e2b в зоне ответственности, НО ПРОТИВОРАКЕТЫ ОТСУТСТВУЮТ!
13.05 17:33:31:100 SPRO Обнаружена БР ID:3a5482b с координатами 6983482 3534987
13.05 17:33:31:100 SPRO ВНИМАНИЕ! БР ID:3a5482b в зоне ответственности, НО ПРОТИВОРАКЕТЫ ОТСУТСТВУЮТ!
13.05 17:33:44:213 SPRO Обнаружена БР ID:2dbd7fb с координатами 4162928 2965730
13.05 17:33:44:213 SPRO ВНИМАНИЕ! БР ID:2dbd7fb в зоне ответственности, НО ПРОТИВОРАКЕТЫ ОТСУТСТВУЮТ!
13.05 17:33:51:207 RLS_2 Обнаружена цель ID:fc071db с координатами 11284494 7020856
13.05 17:34:00:888 SPRO Обнаружена БР ID:aaa760b с координатами 5399350 4281688
13.05 17:34:00:888 SPRO ВНИМАНИЕ! БР ID:aaa760b в зоне ответственности, НО ПРОТИВОРАКЕТЫ ОТСУТСТВУЮТ!
13.05 17:34:12:765 RLS_3 Обнаружена цель ID:b8de5db с координатами 7585808 3384648
13.05 17:34:12:765 RLS_3 Цель ID:b8de5db движется в направлении СПРО
13.05 17:34:17:778 RLS_1 Обнаружена цель ID:d42d12b с координатами 2036404 2416314
13.05 17:34:17:778 RLS_1 Цель ID:d42d12b движется в направлении СПРО
13.05 17:34:35:867 RLS_1 Обнаружена цель ID:b8dcd7b с координатами 1430726 4610024
13.05 17:34:35:867 RLS_1 Цель ID:b8dcd7b движется в направлении СПРО
13.05 17:34:47:218 RLS_3 Обнаружена цель ID:2573d7b с координатами 6465898 1858025
13.05 17:34:47:218 RLS_3 Цель ID:2573d7b движется в направлении СПРО
13.05 17:35:24:898 SPRO Обнаружена БР ID:32f636b с координатами 6342709 4686699
13.05 17:35:24:898 SPRO ВНИМАНИЕ! БР ID:32f636b в зоне ответственности, НО ПРОТИВОРАКЕТЫ ОТСУТСТВУЮТ!
13.05 17:35:27:062 RLS_3 Обнаружена цель ID:403af1b с координатами 7833687 3239555
13.05 17:35:48:116 SPRO Обнаружена БР ID:21a4abb с координатами 6264222 4296768
13.05 17:35:48:116 SPRO ВНИМАНИЕ! БР ID:21a4abb в зоне ответственности, НО ПРОТИВОРАКЕТЫ ОТСУТСТВУЮТ!
